COMANDO (Wi-Fi): mpirun -H 10.7.134.117:24 -np 24 --map-by slot --rank-by slot --bind-to core --report-bindings --mca plm_rsh_agent ssh\ -F\ /home/alumno16/experimentos_96/ssh_config_wifi --mca btl self\,vader\,tcp --mca btl_tcp_if_include 10.7.134.0/23 --mca oob_tcp_if_include 10.7.134.0/23 /var/tmp/mpi_bloques/mpi_matrix_2d 512 1d tiled 64 
RESULT_2D: N=512, Procs=24, Algo=1d, Kernel=tiled, BS=64, T_Dist=0.005501, T_Summa=0.000000, T_Calc=0.001266, T_CalcAvg=0.001035, T_Gather=0.002235, T_Total=0.007188, GFLOPS=37.3471, Checksum=613416.74, WSum=2.198471e+09

[servidor:156592] MCW rank 7 bound to socket 0[core 7[hwt 0]]: [./././././././B/./././././././././././././././.]
[servidor:156592] MCW rank 8 bound to socket 0[core 8[hwt 0]]: [././././././././B/././././././././././././././.]
[servidor:156592] MCW rank 9 bound to socket 0[core 9[hwt 0]]: [./././././././././B/./././././././././././././.]
[servidor:156592] MCW rank 10 bound to socket 0[core 10[hwt 0]]: [././././././././././B/././././././././././././.]
[servidor:156592] MCW rank 11 bound to socket 0[core 11[hwt 0]]: [./././././././././././B/./././././././././././.]
[servidor:156592] MCW rank 12 bound to socket 0[core 12[hwt 0]]: [././././././././././././B/././././././././././.]
[servidor:156592] MCW rank 13 bound to socket 0[core 13[hwt 0]]: [./././././././././././././B/./././././././././.]
[servidor:156592] MCW rank 14 bound to socket 0[core 14[hwt 0]]: [././././././././././././././B/././././././././.]
[servidor:156592] MCW rank 15 bound to socket 0[core 15[hwt 0]]: [./././././././././././././././B/./././././././.]
[servidor:156592] MCW rank 16 bound to socket 0[core 16[hwt 0]]: [././././././././././././././././B/././././././.]
[servidor:156592] MCW rank 17 bound to socket 0[core 17[hwt 0]]: [./././././././././././././././././B/./././././.]
[servidor:156592] MCW rank 18 bound to socket 0[core 18[hwt 0]]: [././././././././././././././././././B/././././.]
[servidor:156592] MCW rank 19 bound to socket 0[core 19[hwt 0]]: [./././././././././././././././././././B/./././.]
[servidor:156592] MCW rank 20 bound to socket 0[core 20[hwt 0]]: [././././././././././././././././././././B/././.]
[servidor:156592] MCW rank 21 bound to socket 0[core 21[hwt 0]]: [./././././././././././././././././././././B/./.]
[servidor:156592] MCW rank 22 bound to socket 0[core 22[hwt 0]]: [././././././././././././././././././././././B/.]
[servidor:156592] MCW rank 23 bound to socket 0[core 23[hwt 0]]: [./././././././././././././././././././././././B]
[servidor:156592] MCW rank 0 bound to socket 0[core 0[hwt 0]]: [B/././././././././././././././././././././././.]
[servidor:156592] MCW rank 1 bound to socket 0[core 1[hwt 0]]: [./B/./././././././././././././././././././././.]
[servidor:156592] MCW rank 2 bound to socket 0[core 2[hwt 0]]: [././B/././././././././././././././././././././.]
[servidor:156592] MCW rank 3 bound to socket 0[core 3[hwt 0]]: [./././B/./././././././././././././././././././.]
[servidor:156592] MCW rank 4 bound to socket 0[core 4[hwt 0]]: [././././B/././././././././././././././././././.]
[servidor:156592] MCW rank 5 bound to socket 0[core 5[hwt 0]]: [./././././B/./././././././././././././././././.]
[servidor:156592] MCW rank 6 bound to socket 0[core 6[hwt 0]]: [././././././B/././././././././././././././././.]
